error: tables can contain at most a single lifetime
 --> tests/single-lifetime-only.rs:2:28
  |
2 |     SingleLifetimeOnly<'a, 'b> {
  |                            ^^
